{"u_token":"7eBj9xbhYZHsm0zdzi4p8oaJAQmqEHXY","part_number":"100SP1T2B4M6QE","manufacturer":"E-Switch","mode":"place-part","plugin":".snap","source":"https://www.snapeda.com"}